
> my-app@0.0.0 build
> tsc -b && vite build

src/components/SplashCursor.tsx(828,72): error TS2339: Property 'texelSize' does not exist on type 'any[]'.
src/components/SplashCursor.tsx(829,52): error TS2339: Property 'uTexture' does not exist on type 'any[]'.
